---
source: tests/integration.rs
expression: output
---
date,title,session,church,series,testament,books,preacher,wc
[[2025-04-27]],[[Church/Sermons/2025-04-27 All Souls 1130am -- House of Blood.md| House of Blood]],1130,[[All Souls Langham Place]],[[House of David]],[[Old Testament]],[[2 Samuel]],[[Charlie Skrine]],532
[[2025-05-04]],[[Church/Sermons/2025-05-04 All Souls 1130am -- Everlasting People.md| Everlasting People]],1130,[[All Souls Langham Place]],[[House of David]],[[Old Testament]],[[2 Samuel]],[[Charlie Skrine]],549
[[2025-05-11]],[[Church/Sermons/2025-05-11 All Souls 1130am -- The Shepherd King.md| The Shepherd King]],1130,[[All Souls Langham Place]],[[House of David]],[[Old Testament]],[[2 Samuel]],[[Charlie Skrine]],
